WARNING: the district 桃園縣第五選舉區 (Q50413720) wasn't found in the boundary data for position 立法委員 (Q6310593)
WARNING: the district 桃園縣第五選舉區 (Q50413720) wasn't found in the boundary data for position 立法委員 (Q6310593)
WARNING: the district 桃園縣第三選舉區 (Q50413715) wasn't found in the boundary data for position 立法委員 (Q6310593)
WARNING: the district 桃園縣第三選舉區 (Q50413715) wasn't found in the boundary data for position 立法委員 (Q6310593)
WARNING: the district 桃園縣第一選舉區 (Q50413673) wasn't found in the boundary data for position 立法委員 (Q6310593)
WARNING: the district 桃園縣第一選舉區 (Q50413673) wasn't found in the boundary data for position 立法委員 (Q6310593)
WARNING: the district 桃園縣第二選舉區 (Q50413682) wasn't found in the boundary data for position 立法委員 (Q6310593)
WARNING: the district 桃園縣第二選舉區 (Q50413682) wasn't found in the boundary data for position 立法委員 (Q6310593)
WARNING: the district 桃園縣第四選舉區 (Q50413718) wasn't found in the boundary data for position 立法委員 (Q6310593)
WARNING: the district 桃園縣第四選舉區 (Q50413718) wasn't found in the boundary data for position 立法委員 (Q6310593)
WARNING: the district 桃園縣第六選舉區 (Q50413722) wasn't found in the boundary data for position 立法委員 (Q6310593)
WARNING: the district 桃園縣第六選舉區 (Q50413722) wasn't found in the boundary data for position 立法委員 (Q6310593)
WARNING: Position 基隆市市長 (Q6797738) not in boundary associated_wikidata_positions
WARNING: Position 新北市市長 (Q6797771) not in boundary associated_wikidata_positions
WARNING: the district 新北市 (Q244898) wasn't found in the boundary data for position 新北市市長 (Q6797771)
WARNING: Position 新竹市市長 (Q657567) not in boundary associated_wikidata_positions
WARNING: the district 新竹市 (Q249994) wasn't found in the boundary data for position 新竹市市長 (Q657567)
WARNING: Position 臺中市市長 (Q6797822) not in boundary associated_wikidata_positions
WARNING: the district 臺中市 (Q245023) wasn't found in the boundary data for position 臺中市市長 (Q6797822)
WARNING: Position 高雄市市長 (Q11812506) not in boundary associated_wikidata_positions
WARNING: the district 高雄市 (Q181557) wasn't found in the boundary data for position 高雄市市長 (Q11812506)
WARNING: the district 高雄市 (Q181557) wasn't found in the boundary data for position 高雄市市長 (Q11812506)
WARNING: Position Mayor of Tainan (Q6797825) not in boundary associated_wikidata_positions
WARNING: the district 臺南市 (Q140631) wasn't found in the boundary data for position Mayor of Tainan (Q6797825)
WARNING: the district 臺南市 (Q140631) wasn't found in the boundary data for position Mayor of Tainan (Q6797825)
WARNING: Position 臺北市市長 (Q6310674) not in boundary associated_wikidata_positions
WARNING: the district 臺北市 (Q1867) wasn't found in the boundary data for position 臺北市市長 (Q6310674)
